// Jest Snapshot v1, https://goo.gl/fbAQLP

exports[`Render chat Renders all messages" 1`] = `
<div>
  <a
    className="mt-2 me-2 btn btn-large btn-primary border border-secondary fw-bolder rounded-pill"
    href="/messages"
    onClick={[Function]}
  >
    <i
      className="fa-solid fa-circle-arrow-left text-white fs-6"
    />
    <span>
      Back to Inbox
    </span>
  </a>
  <p
    className="mt-4 mb-4"
  >
    <span
      className="badge rounded-pill bg-light"
    >
      Bruce Wayne
    </span>
    <span
      className="badge rounded-pill bg-light"
    >
      Tony Stark
    </span>
  </p>
  <div
    className="d-flex justify-row align-items-center mb-4"
  >
    <span
      style={
        Object {
          "width": "8%",
        }
      }
    >
      <img
        alt="profile"
        className="img-fluid rounded-circle"
        src="https://th.bing.com/th/id/OIP.iqTe2cm5YWUl8H_GZkA_owHaHa?pid=ImgDet&rs=1"
      />
    </span>
    <div
      className="d-flex justify-row align-items-center"
    >
      <span
        className="btn rounded-pill text-white w-auto text-start bg-light other-user-message"
        onClick={[Function]}
      >
        I think we have some similarities.
      </span>
    </div>
    <span
      className="px-2 badge text-dark"
    >
      04/26/22, 11:01 PM
    </span>
  </div>
  <div
    className="d-flex justify-row align-items-center mb-4"
  >
    <span
      style={
        Object {
          "width": "8%",
        }
      }
    >
      <img
        alt="profile"
        className="img-fluid rounded-circle"
        src="https://th.bing.com/th/id/OIP.iqTe2cm5YWUl8H_GZkA_owHaHa?pid=ImgDet&rs=1"
      />
    </span>
    <div
      className="d-flex justify-row align-items-center"
    >
      <span
        className="btn rounded-pill text-white w-auto text-start bg-light other-user-message"
        onClick={[Function]}
      >
        test
      </span>
    </div>
    <span
      className="px-2 badge text-dark"
    >
      04/26/22, 11:02 PM
    </span>
  </div>
  <div
    className="d-flex justify-row align-items-center mb-4"
  >
    <span
      style={
        Object {
          "width": "8%",
        }
      }
    >
      <img
        alt="profile"
        className="img-fluid rounded-circle"
        src="https://th.bing.com/th/id/OIP.iqTe2cm5YWUl8H_GZkA_owHaHa?pid=ImgDet&rs=1"
      />
    </span>
    <div
      className="d-flex justify-row align-items-center"
    >
      <span
        className="btn rounded-pill text-white w-auto text-start bg-light other-user-message"
        onClick={[Function]}
      >
        üëÄ
      </span>
    </div>
    <span
      className="px-2 badge text-dark"
    >
      04/26/22, 11:03 PM
    </span>
  </div>
  <div
    className="d-flex justify-row align-items-center mb-4"
  >
    <span
      style={
        Object {
          "width": "8%",
        }
      }
    >
      <img
        alt="profile"
        className="img-fluid rounded-circle"
        src="https://th.bing.com/th/id/OIP.iqTe2cm5YWUl8H_GZkA_owHaHa?pid=ImgDet&rs=1"
      />
    </span>
    <div
      className="d-flex justify-row align-items-center"
    >
      <span
        className="btn rounded-pill text-white w-auto text-start bg-light other-user-message"
        onClick={[Function]}
      >
        üëç
      </span>
    </div>
    <span
      className="px-2 badge text-dark"
    >
      04/26/22, 11:04 PM
    </span>
  </div>
  <div
    className="d-flex justify-row align-items-center mb-4"
  >
    <span
      style={
        Object {
          "width": "8%",
        }
      }
    >
      <img
        alt="profile"
        className="img-fluid rounded-circle"
        src="https://th.bing.com/th/id/OIP.iqTe2cm5YWUl8H_GZkA_owHaHa?pid=ImgDet&rs=1"
      />
    </span>
    <div
      className="d-flex justify-row align-items-center"
    >
      <span
        className="btn rounded-pill text-white w-auto text-start bg-light other-user-message"
        onClick={[Function]}
      >
        üòÜ
      </span>
    </div>
    <span
      className="px-2 badge text-dark"
    >
      04/26/22, 11:05 PM
    </span>
  </div>
  <div
    className="d-flex justify-row align-items-center mb-4"
  >
    <span
      style={
        Object {
          "width": "8%",
        }
      }
    >
      <img
        alt="profile"
        className="img-fluid rounded-circle"
        src="https://th.bing.com/th/id/OIP.iqTe2cm5YWUl8H_GZkA_owHaHa?pid=ImgDet&rs=1"
      />
    </span>
    <div
      className="d-flex justify-row align-items-center"
    >
      <span
        className="btn rounded-pill text-white w-auto text-start bg-light other-user-message"
        onClick={[Function]}
      >
        ü§†
      </span>
    </div>
    <span
      className="px-2 badge text-dark"
    >
      04/26/22, 11:06 PM
    </span>
  </div>
  <div
    className="d-flex flex-row-reverse align-items-center mb-4"
  >
    <div
      className="d-flex flex-row-reverse align-items-center"
    >
      <span
        className="btn rounded-pill text-white w-auto text-start bg-primary logged-in-user-message"
        onClick={[Function]}
      >
        hello!
      </span>
    </div>
    <span
      className="px-2 badge text-dark"
    >
      04/26/22, 11:41 PM
    </span>
  </div>
  <div
    className="d-flex flex-row-reverse align-items-center mb-4"
  >
    <div
      className="d-flex flex-row-reverse align-items-center"
    >
      <span
        className="btn rounded-pill text-white w-auto text-start bg-primary logged-in-user-message"
        onClick={[Function]}
      >
        test
      </span>
    </div>
    <span
      className="px-2 badge text-dark"
    >
      04/26/22, 11:42 PM
    </span>
  </div>
  <div
    className="d-flex flex-row-reverse align-items-center mb-4"
  >
    <div
      className="d-flex flex-row-reverse align-items-center"
    >
      <span
        className="btn rounded-pill text-white w-auto text-start bg-primary logged-in-user-message"
        onClick={[Function]}
      >
        test
      </span>
    </div>
    <span
      className="px-2 badge text-dark"
    >
      04/26/22, 11:46 PM
    </span>
  </div>
  <form
    onSubmit={[Function]}
  >
    <span>
      <label
        className="form-label"
        htmlFor="Send"
      />
      <input
        className="mt-4 w-100 border-0 border border-light"
        focused="false"
        onBlur={[Function]}
        onChange={[Function]}
        onFocus={[Function]}
        placeholder="Enter Message"
        value=""
      />
      <span
        className="text-danger validation-error"
      />
    </span>
    <button
      className="mt-3 btn btn-secondary rounded-pill fa-pull-right fw-bold ps-4 pe-4"
      type="submit"
    >
      Send
    </button>
  </form>
</div>
`;

exports[`Render chat chat matches snapshots" 1`] = `
<div>
  <a
    className="mt-2 me-2 btn btn-large btn-primary border border-secondary fw-bolder rounded-pill"
    href="/messages"
    onClick={[Function]}
  >
    <i
      className="fa-solid fa-circle-arrow-left text-white fs-6"
    />
    <span>
      Back to Inbox
    </span>
  </a>
  <p
    className="mt-4 mb-4"
  >
    <span
      className="badge rounded-pill bg-light"
    >
      Bruce Wayne
    </span>
    <span
      className="badge rounded-pill bg-light"
    >
      Tony Stark
    </span>
  </p>
  <div
    className="d-flex justify-row align-items-center mb-4"
  >
    <span
      style={
        Object {
          "width": "8%",
        }
      }
    >
      <img
        alt="profile"
        className="img-fluid rounded-circle"
        src="https://th.bing.com/th/id/OIP.iqTe2cm5YWUl8H_GZkA_owHaHa?pid=ImgDet&rs=1"
      />
    </span>
    <div
      className="d-flex justify-row align-items-center"
    >
      <span
        className="btn rounded-pill text-white w-auto text-start bg-light other-user-message"
        onClick={[Function]}
      >
        I think we have some similarities.
      </span>
    </div>
    <span
      className="px-2 badge text-dark"
    >
      04/26/22, 11:01 PM
    </span>
  </div>
  <div
    className="d-flex justify-row align-items-center mb-4"
  >
    <span
      style={
        Object {
          "width": "8%",
        }
      }
    >
      <img
        alt="profile"
        className="img-fluid rounded-circle"
        src="https://th.bing.com/th/id/OIP.iqTe2cm5YWUl8H_GZkA_owHaHa?pid=ImgDet&rs=1"
      />
    </span>
    <div
      className="d-flex justify-row align-items-center"
    >
      <span
        className="btn rounded-pill text-white w-auto text-start bg-light other-user-message"
        onClick={[Function]}
      >
        test
      </span>
    </div>
    <span
      className="px-2 badge text-dark"
    >
      04/26/22, 11:02 PM
    </span>
  </div>
  <div
    className="d-flex justify-row align-items-center mb-4"
  >
    <span
      style={
        Object {
          "width": "8%",
        }
      }
    >
      <img
        alt="profile"
        className="img-fluid rounded-circle"
        src="https://th.bing.com/th/id/OIP.iqTe2cm5YWUl8H_GZkA_owHaHa?pid=ImgDet&rs=1"
      />
    </span>
    <div
      className="d-flex justify-row align-items-center"
    >
      <span
        className="btn rounded-pill text-white w-auto text-start bg-light other-user-message"
        onClick={[Function]}
      >
        üëÄ
      </span>
    </div>
    <span
      className="px-2 badge text-dark"
    >
      04/26/22, 11:03 PM
    </span>
  </div>
  <div
    className="d-flex justify-row align-items-center mb-4"
  >
    <span
      style={
        Object {
          "width": "8%",
        }
      }
    >
      <img
        alt="profile"
        className="img-fluid rounded-circle"
        src="https://th.bing.com/th/id/OIP.iqTe2cm5YWUl8H_GZkA_owHaHa?pid=ImgDet&rs=1"
      />
    </span>
    <div
      className="d-flex justify-row align-items-center"
    >
      <span
        className="btn rounded-pill text-white w-auto text-start bg-light other-user-message"
        onClick={[Function]}
      >
        üëç
      </span>
    </div>
    <span
      className="px-2 badge text-dark"
    >
      04/26/22, 11:04 PM
    </span>
  </div>
  <div
    className="d-flex justify-row align-items-center mb-4"
  >
    <span
      style={
        Object {
          "width": "8%",
        }
      }
    >
      <img
        alt="profile"
        className="img-fluid rounded-circle"
        src="https://th.bing.com/th/id/OIP.iqTe2cm5YWUl8H_GZkA_owHaHa?pid=ImgDet&rs=1"
      />
    </span>
    <div
      className="d-flex justify-row align-items-center"
    >
      <span
        className="btn rounded-pill text-white w-auto text-start bg-light other-user-message"
        onClick={[Function]}
      >
        üòÜ
      </span>
    </div>
    <span
      className="px-2 badge text-dark"
    >
      04/26/22, 11:05 PM
    </span>
  </div>
  <div
    className="d-flex justify-row align-items-center mb-4"
  >
    <span
      style={
        Object {
          "width": "8%",
        }
      }
    >
      <img
        alt="profile"
        className="img-fluid rounded-circle"
        src="https://th.bing.com/th/id/OIP.iqTe2cm5YWUl8H_GZkA_owHaHa?pid=ImgDet&rs=1"
      />
    </span>
    <div
      className="d-flex justify-row align-items-center"
    >
      <span
        className="btn rounded-pill text-white w-auto text-start bg-light other-user-message"
        onClick={[Function]}
      >
        ü§†
      </span>
    </div>
    <span
      className="px-2 badge text-dark"
    >
      04/26/22, 11:06 PM
    </span>
  </div>
  <div
    className="d-flex flex-row-reverse align-items-center mb-4"
  >
    <div
      className="d-flex flex-row-reverse align-items-center"
    >
      <span
        className="btn rounded-pill text-white w-auto text-start bg-primary logged-in-user-message"
        onClick={[Function]}
      >
        hello!
      </span>
    </div>
    <span
      className="px-2 badge text-dark"
    >
      04/26/22, 11:41 PM
    </span>
  </div>
  <div
    className="d-flex flex-row-reverse align-items-center mb-4"
  >
    <div
      className="d-flex flex-row-reverse align-items-center"
    >
      <span
        className="btn rounded-pill text-white w-auto text-start bg-primary logged-in-user-message"
        onClick={[Function]}
      >
        test
      </span>
    </div>
    <span
      className="px-2 badge text-dark"
    >
      04/26/22, 11:42 PM
    </span>
  </div>
  <div
    className="d-flex flex-row-reverse align-items-center mb-4"
  >
    <div
      className="d-flex flex-row-reverse align-items-center"
    >
      <span
        className="btn rounded-pill text-white w-auto text-start bg-primary logged-in-user-message"
        onClick={[Function]}
      >
        test
      </span>
    </div>
    <span
      className="px-2 badge text-dark"
    >
      04/26/22, 11:46 PM
    </span>
  </div>
  <form
    onSubmit={[Function]}
  >
    <span>
      <label
        className="form-label"
        htmlFor="Send"
      />
      <input
        className="mt-4 w-100 border-0 border border-light"
        focused="false"
        onBlur={[Function]}
        onChange={[Function]}
        onFocus={[Function]}
        placeholder="Enter Message"
        value=""
      />
      <span
        className="text-danger validation-error"
      />
    </span>
    <button
      className="mt-3 btn btn-secondary rounded-pill fa-pull-right fw-bold ps-4 pe-4"
      type="submit"
    >
      Send
    </button>
  </form>
</div>
`;
